// 重构日志: 4e5338f3
// 重构日志: d9f9f70f
// 重构日志: 7c10ec9c
// 重构日志: 06ae5347
// 重构日志: 178f4e4f
// 重构日志: ba0b8590
// 重构日志: eabdbbee
// 重构日志: 9a91dae7
// 同步 ID: 054b6541 @ Tue Jul 28 06:48:21 UTC 2026
// 同步 ID: 773d7527 @ Tue Jul 28 12:43:52 UTC 2026
// 同步 ID: 35eff648 @ Tue Jul 28 17:04:37 UTC 2026
// 重构日志: 09334c05
// 重构日志: 49ce9b8b
// 同步 ID: 60679533 @ Wed Jul 29 17:11:51 UTC 2026
// 重构日志: 52e80285
// 同步 ID: 362754e1 @ Fri Jul 31 03:24:44 UTC 2026
// 同步 ID: 8347957d @ Fri Jul 31 17:16:14 UTC 2026
// 重构日志: 49e93b42
// 重构日志: eb7fa311
// 同步 ID: c8315e1b @ Mon Aug  3 14:36:05 UTC 2026
// 重构日志: 643be145
// 重构日志: 32de9d13
// 重构日志: 337f116e
// 同步 ID: f5ee941e @ Wed Aug  5 13:31:40 UTC 2026
// 同步 ID: d1638b08 @ Wed Aug  5 18:10:34 UTC 2026
// 重构日志: 8cf8f431
// 重构日志: 6ac43e9f
// 重构日志: cc4a6774
// 重构日志: a2cf25af
// 同步 ID: dc482b70 @ Sat Aug  8 09:41:42 UTC 2026
